---- Original Code ----
f :: A B C
---- Raw AST ----
TecClassAST
    { tecClasses =
        [ TecClass
            { tecClassName = "f"
            , tecSignature = TecSignature
                { indexTypeSet = []
                , attributeTypeSet = TecAttributes
                    [ "A"
                    , "B"
                    , "C"
                    ]
                }
            }
        ]
    }
---- Json encoded ----
{
    "tecClasses": [
        {
            "tecClassName": "f",
            "tecSignature": {
                "attributeTypeSet": [
                    "A",
                    "B",
                    "C"
                ],
                "indexTypeSet": []
            }
        }
    ]
}
---- Original Code ----
f :: A B
---- Raw AST ----
TecClassAST
    { tecClasses =
        [ TecClass
            { tecClassName = "f"
            , tecSignature = TecSignature
                { indexTypeSet = []
                , attributeTypeSet = TecAttributes
                    [ "A"
                    , "B"
                    ]
                }
            }
        ]
    }
---- Json encoded ----
{
    "tecClasses": [
        {
            "tecClassName": "f",
            "tecSignature": {
                "attributeTypeSet": [
                    "A",
                    "B"
                ],
                "indexTypeSet": []
            }
        }
    ]
}
---- Original Code ----
f :: A
---- Raw AST ----
TecClassAST
    { tecClasses =
        [ TecClass
            { tecClassName = "f"
            , tecSignature = TecSignature
                { indexTypeSet = []
                , attributeTypeSet = TecAttributes [ "A" ]
                }
            }
        ]
    }
---- Json encoded ----
{
    "tecClasses": [
        {
            "tecClassName": "f",
            "tecSignature": {
                "attributeTypeSet": [
                    "A"
                ],
                "indexTypeSet": []
            }
        }
    ]
}
---- Original Code ----
f :: A -> B -> C
---- Raw AST ----
TecClassAST
    { tecClasses =
        [ TecClass
            { tecClassName = "f"
            , tecSignature = TecSignature
                { indexTypeSet =
                    [ "A"
                    , "B"
                    ]
                , attributeTypeSet = TecAttributes [ "C" ]
                }
            }
        ]
    }
---- Json encoded ----
{
    "tecClasses": [
        {
            "tecClassName": "f",
            "tecSignature": {
                "attributeTypeSet": [
                    "C"
                ],
                "indexTypeSet": [
                    "A",
                    "B"
                ]
            }
        }
    ]
}
---- Original Code ----
f :: A -> B -> C D
---- Raw AST ----
TecClassAST
    { tecClasses =
        [ TecClass
            { tecClassName = "f"
            , tecSignature = TecSignature
                { indexTypeSet =
                    [ "A"
                    , "B"
                    ]
                , attributeTypeSet = TecAttributes
                    [ "C"
                    , "D"
                    ]
                }
            }
        ]
    }
---- Json encoded ----
{
    "tecClasses": [
        {
            "tecClassName": "f",
            "tecSignature": {
                "attributeTypeSet": [
                    "C",
                    "D"
                ],
                "indexTypeSet": [
                    "A",
                    "B"
                ]
            }
        }
    ]
}
---- Original Code ----
f :: A -> B -> C -> D E F
---- Raw AST ----
TecClassAST
    { tecClasses =
        [ TecClass
            { tecClassName = "f"
            , tecSignature = TecSignature
                { indexTypeSet =
                    [ "A"
                    , "B"
                    , "C"
                    ]
                , attributeTypeSet = TecAttributes
                    [ "D"
                    , "E"
                    , "F"
                    ]
                }
            }
        ]
    }
---- Json encoded ----
{
    "tecClasses": [
        {
            "tecClassName": "f",
            "tecSignature": {
                "attributeTypeSet": [
                    "D",
                    "E",
                    "F"
                ],
                "indexTypeSet": [
                    "A",
                    "B",
                    "C"
                ]
            }
        }
    ]
}
