---- Original Code ----
data TecType = A X
---- Raw AST ----
TecEnumAST
    { tecEnums =
        [ TecEnum
            { tecEnumName = "TecType"
            , tecEnumValues =
                [ TecValue "A" ]
            , tecEnumRepresentation = TecEnumRepresentation
                { repAttribs = [ "X" ] }
            }
        ]
    }
---- Json encoded ----
{
    "tecEnums": [
        {
            "tecEnumName": "TecType",
            "tecEnumRepresentation": {
                "repAttribs": [
                    "X"
                ]
            },
            "tecEnumValues": [
                "A"
            ]
        }
    ]
}
---- Original Code ----
data TecType = A X Y
---- Raw AST ----
TecEnumAST
    { tecEnums =
        [ TecEnum
            { tecEnumName = "TecType"
            , tecEnumValues =
                [ TecValue "A" ]
            , tecEnumRepresentation = TecEnumRepresentation
                { repAttribs =
                    [ "X"
                    , "Y"
                    ]
                }
            }
        ]
    }
---- Json encoded ----
{
    "tecEnums": [
        {
            "tecEnumName": "TecType",
            "tecEnumRepresentation": {
                "repAttribs": [
                    "X",
                    "Y"
                ]
            },
            "tecEnumValues": [
                "A"
            ]
        }
    ]
}
---- Original Code ----
data TecType = A
             | B X Y
---- Raw AST ----
TecEnumAST
    { tecEnums =
        [ TecEnum
            { tecEnumName = "TecType"
            , tecEnumValues =
                [ TecValue "A"
                , TecValue "B"
                ]
            , tecEnumRepresentation = TecEnumRepresentation
                { repAttribs =
                    [ "X"
                    , "Y"
                    ]
                }
            }
        ]
    }
---- Json encoded ----
{
    "tecEnums": [
        {
            "tecEnumName": "TecType",
            "tecEnumRepresentation": {
                "repAttribs": [
                    "X",
                    "Y"
                ]
            },
            "tecEnumValues": [
                "A",
                "B"
            ]
        }
    ]
}
---- Original Code ----
data TecType = A
             | B
---- Raw AST ----
TecEnumAST
    { tecEnums =
        [ TecEnum
            { tecEnumName = "TecType"
            , tecEnumValues =
                [ TecValue "A"
                , TecValue "B"
                ]
            , tecEnumRepresentation = TecEnumRepresentation
                { repAttribs = [] }
            }
        ]
    }
---- Json encoded ----
{
    "tecEnums": [
        {
            "tecEnumName": "TecType",
            "tecEnumRepresentation": {
                "repAttribs": []
            },
            "tecEnumValues": [
                "A",
                "B"
            ]
        }
    ]
}
---- Original Code ----
data TecType = A
---- Raw AST ----
TecEnumAST
    { tecEnums =
        [ TecEnum
            { tecEnumName = "TecType"
            , tecEnumValues =
                [ TecValue "A" ]
            , tecEnumRepresentation = TecEnumRepresentation
                { repAttribs = [] }
            }
        ]
    }
---- Json encoded ----
{
    "tecEnums": [
        {
            "tecEnumName": "TecType",
            "tecEnumRepresentation": {
                "repAttribs": []
            },
            "tecEnumValues": [
                "A"
            ]
        }
    ]
}
---- Original Code ----
data Enum0 = A
           | B
           | C

data TecType = AType
---- Raw AST ----
TecEnumAST
    { tecEnums =
        [ TecEnum
            { tecEnumName = "Enum0"
            , tecEnumValues =
                [ TecValue "A"
                , TecValue "B"
                , TecValue "C"
                ]
            , tecEnumRepresentation = TecEnumRepresentation
                { repAttribs = [] }
            }
        , TecEnum
            { tecEnumName = "TecType"
            , tecEnumValues =
                [ TecValue "AType" ]
            , tecEnumRepresentation = TecEnumRepresentation
                { repAttribs = [] }
            }
        ]
    }
---- Json encoded ----
{
    "tecEnums": [
        {
            "tecEnumName": "Enum0",
            "tecEnumRepresentation": {
                "repAttribs": []
            },
            "tecEnumValues": [
                "A",
                "B",
                "C"
            ]
        },
        {
            "tecEnumName": "TecType",
            "tecEnumRepresentation": {
                "repAttribs": []
            },
            "tecEnumValues": [
                "AType"
            ]
        }
    ]
}
