---- Original Code ----
data TecType = A
             | B
---- Raw AST ----
TecTypeAST
    { tecEnums =
        [ TecEnum
            { tecEnumName = "TecType"
            , tecEnumValues =
                [ TecValue "A"
                , TecValue "B"
                ]
            }
        ]
    , tecClasses = []
    }
---- Json encoded ----
{
    "tecClasses": [],
    "tecEnums": [
        {
            "tecEnumName": "TecType",
            "tecEnumValues": [
                "A",
                "B"
            ]
        }
    ]
}
---- Original Code ----
data TecType = A
---- Raw AST ----
TecTypeAST
    { tecEnums =
        [ TecEnum
            { tecEnumName = "TecType"
            , tecEnumValues =
                [ TecValue "A" ]
            }
        ]
    , tecClasses = []
    }
---- Json encoded ----
{
    "tecClasses": [],
    "tecEnums": [
        {
            "tecEnumName": "TecType",
            "tecEnumValues": [
                "A"
            ]
        }
    ]
}
---- Original Code ----
data Enum0 = A
           | B
           | C

data TecType = AType
---- Raw AST ----
TecTypeAST
    { tecEnums =
        [ TecEnum
            { tecEnumName = "Enum0"
            , tecEnumValues =
                [ TecValue "A"
                , TecValue "B"
                , TecValue "C"
                ]
            }
        , TecEnum
            { tecEnumName = "TecType"
            , tecEnumValues =
                [ TecValue "AType" ]
            }
        ]
    , tecClasses = []
    }
---- Json encoded ----
{
    "tecClasses": [],
    "tecEnums": [
        {
            "tecEnumName": "Enum0",
            "tecEnumValues": [
                "A",
                "B",
                "C"
            ]
        },
        {
            "tecEnumName": "TecType",
            "tecEnumValues": [
                "AType"
            ]
        }
    ]
}
