---- Original Code ----
tecData = Logo
---- Raw AST ----
TecCon
    { className = "Logo"
    , parameters = []
    }
---- Json encoded ----
{
    "className": "Logo",
    "parameters": [],
    "tag": "TecCon"
}
---- Original Code ----
tecData = HStack [Logo]
---- Raw AST ----
TecCon
    { className = "HStack"
    , parameters =
        [ TecList
            { list =
                [ TecCon
                    { className = "Logo"
                    , parameters = []
                    }
                ]
            }
        ]
    }
---- Json encoded ----
{
    "className": "HStack",
    "parameters": [
        {
            "list": [
                {
                    "className": "Logo",
                    "parameters": [],
                    "tag": "TecCon"
                }
            ],
            "tag": "TecList"
        }
    ],
    "tag": "TecCon"
}
---- Original Code ----
tecData = Colorway 0
---- Raw AST ----
TecCon
    { className = "Colorway"
    , parameters =
        [ TecInt
            { int = 0 }
        ]
    }
---- Json encoded ----
{
    "className": "Colorway",
    "parameters": [
        {
            "int": 0,
            "tag": "TecInt"
        }
    ],
    "tag": "TecCon"
}
---- Original Code ----
tecData = Pantone "red"
---- Raw AST ----
TecCon
    { className = "Pantone"
    , parameters =
        [ TecStr
            { str = "red" }
        ]
    }
---- Json encoded ----
{
    "className": "Pantone",
    "parameters": [
        {
            "str": "red",
            "tag": "TecStr"
        }
    ],
    "tag": "TecCon"
}
---- Original Code ----
tecData = VStack [HStack [Logo], Colorway 42]
---- Raw AST ----
TecCon
    { className = "VStack"
    , parameters =
        [ TecList
            { list =
                [ TecCon
                    { className = "HStack"
                    , parameters =
                        [ TecList
                            { list =
                                [ TecCon
                                    { className = "Logo"
                                    , parameters = []
                                    }
                                ]
                            }
                        ]
                    }
                , TecCon
                    { className = "Colorway"
                    , parameters =
                        [ TecInt
                            { int = 42 }
                        ]
                    }
                ]
            }
        ]
    }
---- Json encoded ----
{
    "className": "VStack",
    "parameters": [
        {
            "list": [
                {
                    "className": "HStack",
                    "parameters": [
                        {
                            "list": [
                                {
                                    "className": "Logo",
                                    "parameters": [],
                                    "tag": "TecCon"
                                }
                            ],
                            "tag": "TecList"
                        }
                    ],
                    "tag": "TecCon"
                },
                {
                    "className": "Colorway",
                    "parameters": [
                        {
                            "int": 42,
                            "tag": "TecInt"
                        }
                    ],
                    "tag": "TecCon"
                }
            ],
            "tag": "TecList"
        }
    ],
    "tag": "TecCon"
}
---- Original Code ----
tecData = Logo :- Logo
---- Raw AST ----
TecQuery
    { op = ":-"
    , left = TecCon
        { className = "Logo"
        , parameters = []
        }
    , right = TecCon
        { className = "Logo"
        , parameters = []
        }
    }
---- Json encoded ----
{
    "left": {
        "className": "Logo",
        "parameters": [],
        "tag": "TecCon"
    },
    "op": ":-",
    "right": {
        "className": "Logo",
        "parameters": [],
        "tag": "TecCon"
    },
    "tag": "TecQuery"
}
---- Original Code ----
tecData = Logo :- Logo :- Pantone "green"
---- Raw AST ----
TecQuery
    { op = ":-"
    , left = TecQuery
        { op = ":-"
        , left = TecCon
            { className = "Logo"
            , parameters = []
            }
        , right = TecCon
            { className = "Logo"
            , parameters = []
            }
        }
    , right = TecCon
        { className = "Pantone"
        , parameters =
            [ TecStr
                { str = "green" }
            ]
        }
    }
---- Json encoded ----
{
    "left": {
        "left": {
            "className": "Logo",
            "parameters": [],
            "tag": "TecCon"
        },
        "op": ":-",
        "right": {
            "className": "Logo",
            "parameters": [],
            "tag": "TecCon"
        },
        "tag": "TecQuery"
    },
    "op": ":-",
    "right": {
        "className": "Pantone",
        "parameters": [
            {
                "str": "green",
                "tag": "TecStr"
            }
        ],
        "tag": "TecCon"
    },
    "tag": "TecQuery"
}
---- Original Code ----
tecData = Colorways [1 ..]
---- Raw AST ----
TecCon
    { className = "Colorways"
    , parameters =
        [ TecRngInt
            { fromI = 1
            , toI = Nothing
            }
        ]
    }
---- Json encoded ----
{
    "className": "Colorways",
    "parameters": [
        {
            "fromI": 1,
            "tag": "TecRngInt",
            "toI": null
        }
    ],
    "tag": "TecCon"
}
---- Original Code ----
tecData = Colorways [1 .. 3]
---- Raw AST ----
TecCon
    { className = "Colorways"
    , parameters =
        [ TecRngInt
            { fromI = 1
            , toI = Just 3
            }
        ]
    }
---- Json encoded ----
{
    "className": "Colorways",
    "parameters": [
        {
            "fromI": 1,
            "tag": "TecRngInt",
            "toI": 3
        }
    ],
    "tag": "TecCon"
}
---- Original Code ----
tecData = Render 0 Front
---- Raw AST ----
TecCon
    { className = "Render"
    , parameters =
        [ TecInt
            { int = 0 }
        , TecCon
            { className = "Front"
            , parameters = []
            }
        ]
    }
---- Json encoded ----
{
    "className": "Render",
    "parameters": [
        {
            "int": 0,
            "tag": "TecInt"
        },
        {
            "className": "Front",
            "parameters": [],
            "tag": "TecCon"
        }
    ],
    "tag": "TecCon"
}
---- Original Code ----
tecData = Colorways [0 ..] :> Fabric "*"
---- Raw AST ----
TecQuery
    { op = ":>"
    , left = TecCon
        { className = "Colorways"
        , parameters =
            [ TecRngInt
                { fromI = 0
                , toI = Nothing
                }
            ]
        }
    , right = TecCon
        { className = "Fabric"
        , parameters =
            [ TecStr
                { str = "*" }
            ]
        }
    }
---- Json encoded ----
{
    "left": {
        "className": "Colorways",
        "parameters": [
            {
                "fromI": 0,
                "tag": "TecRngInt",
                "toI": null
            }
        ],
        "tag": "TecCon"
    },
    "op": ":>",
    "right": {
        "className": "Fabric",
        "parameters": [
            {
                "str": "*",
                "tag": "TecStr"
            }
        ],
        "tag": "TecCon"
    },
    "tag": "TecQuery"
}
---- Original Code ----
tecData = Colorways [0]
---- Raw AST ----
TecCon
    { className = "Colorways"
    , parameters =
        [ TecList
            { list =
                [ TecInt
                    { int = 0 }
                ]
            }
        ]
    }
---- Json encoded ----
{
    "className": "Colorways",
    "parameters": [
        {
            "list": [
                {
                    "int": 0,
                    "tag": "TecInt"
                }
            ],
            "tag": "TecList"
        }
    ],
    "tag": "TecCon"
}
---- Original Code ----
tecData = HStack Logo (Render 0 Front)
---- Raw AST ----
TecCon
    { className = "HStack"
    , parameters =
        [ TecCon
            { className = "Logo"
            , parameters = []
            }
        , TecCon
            { className = "Render"
            , parameters =
                [ TecInt
                    { int = 0 }
                , TecCon
                    { className = "Front"
                    , parameters = []
                    }
                ]
            }
        ]
    }
---- Json encoded ----
{
    "className": "HStack",
    "parameters": [
        {
            "className": "Logo",
            "parameters": [],
            "tag": "TecCon"
        },
        {
            "className": "Render",
            "parameters": [
                {
                    "int": 0,
                    "tag": "TecInt"
                },
                {
                    "className": "Front",
                    "parameters": [],
                    "tag": "TecCon"
                }
            ],
            "tag": "TecCon"
        }
    ],
    "tag": "TecCon"
}
---- Original Code ----
tecData = Render [Front .. Right]
---- Raw AST ----
TecCon
    { className = "Render"
    , parameters =
        [ TecRngEnum
            { fromE = "Front"
            , toE = Just "Right"
            }
        ]
    }
---- Json encoded ----
{
    "className": "Render",
    "parameters": [
        {
            "fromE": "Front",
            "tag": "TecRngEnum",
            "toE": "Right"
        }
    ],
    "tag": "TecCon"
}
---- Original Code ----
tecData = let a = 0 in a
---- Raw AST ----
TecBinding
    { varMap = fromList
        [
            ( "a"
            , TecInt
                { int = 0 }
            )
        ]
    , expression = TecVar
        { varName = "a" }
    }
---- Json encoded ----
{
    "expression": {
        "tag": "TecVar",
        "varName": "a"
    },
    "tag": "TecBinding",
    "varMap": {
        "a": {
            "int": 0,
            "tag": "TecInt"
        }
    }
}
---- Original Code ----
tecData = let in 0
---- Raw AST ----
TecBinding
    { varMap = fromList []
    , expression = TecInt
        { int = 0 }
    }
---- Json encoded ----
{
    "expression": {
        "int": 0,
        "tag": "TecInt"
    },
    "tag": "TecBinding",
    "varMap": {}
}
